---
source: src/ui/mod.rs
assertion_line: 93
expression: text
---
   ______      ____                                                                                                     
  / ____/___ _/ / /____                                                                                                 
 / /   / __ `/ / / ___/  v0.1.0                                                                                         
/ /___/ /_/ / / / /      HTTP REST Client                                                                               
\____/\__,_/_/_/_/                                                                                                      
┌Collection──────────────────┐┌GET · scratch───────────────────────────────────────────────────────────────────────────┐
│                            ││                                                                                        │
│                            │└────────────────────────────────────────────────────────────────────────────────────────┘
│                            │┌Auth: Bearer────────────────────────────────────────────────────────────────────────────┐
│                            ││token: secret-token                                                                     │
│                            │└────────────────────────────────────────────────────────────────────────────────────────┘
│                            │┌Body────────────────────────────────────────────────────────────────────────────────────┐
│                            ││                                                                                        │
│                            ││                                                                                        │
│                            ││                                                                                        │
│                            ││                                                                                        │
│                            ││                                                                                        │
│                            ││                                                                                        │
│                            │└────────────────────────────────────────────────────────────────────────────────────────┘
│                            │┌Response────────────────────────────────────────────────────────────────────────────────┐
│                            ││No response yet. Press 'i' to edit the URL, Enter to send.                              │
│                            ││                                                                                        │
│                            ││                                                                                        │
│                            ││                                                                                        │
│                            ││                                                                                        │
│                            ││                                                                                        │
│                            ││                                                                                        │
│                            ││                                                                                        │
└────────────────────────────┘└────────────────────────────────────────────────────────────────────────────────────────┘
 NORMAL   a: cycle type  j/k: field  i: edit  l/Enter: toggle in  Tab/S-Tab: cycle pane  q: quit
