---
source: src/ui/mod.rs
assertion_line: 80
expression: text
---
   ______      ____                                                                                                     
  / ____/___ _/ / /____                                                                                                 
 / /   / __ `/ / / ___/  v0.1.0                                                                                         
/ /___/ /_/ / / / /      HTTP REST Client                                                                               
\____/\__,_/_/_/_/                                                                                                      
┌Collection──────────────────┐┌GET · scratch───────────────────────────────────────────────────────────────────────────┐
│                            ││                                                                                        │
│                            │└────────────────────────────────────────────────────────────────────────────────────────┘
│                            │┌Auth: None──────────────────────────────────────────────────────────────────────────────┐
│                            ││press 'a' to choose an auth type (Bearer / Basic / API Key)                             │
│                            │└────────────────────────────────────────────────────────────────────────────────────────┘
│                            │┌Body────────────────────────────────────────────────────────────────────────────────────┐
│                            ││                                                                                        │
│                            ││                                                                                        │
│                            ││                                                                                        │
│                            ││                                                                                        │
│                            ││                                                                                        │
│                            ││                                                                                        │
│                            │└────────────────────────────────────────────────────────────────────────────────────────┘
│                            │┌Response────────────────────────────────────────────────────────────────────────────────┐
│                            ││No response yet. Press 'i' to edit the URL, Enter to send.                              │
│                            ││                                                                                        │
│                            ││                                                                                        │
│                            ││                                                                                        │
│                            ││                                                                                        │
│                            ││                                                                                        │
│                            ││                                                                                        │
│                            ││                                                                                        │
└────────────────────────────┘└────────────────────────────────────────────────────────────────────────────────────────┘
 NORMAL   j/k: move  gg/G: top/bottom  h/l: collapse/expand  Enter: open  Tab/S-Tab: cycle pane  :history  :collections
