---
source: src/ui/mod.rs
expression: text
---
┌Collection──────────────────┐┌GET · scratch───────────────────────────────────────────────────────────────────────────┐
│                            ││                                                                                        │
│                            │└────────────────────────────────────────────────────────────────────────────────────────┘
│                            │┌Auth: Bearer────────────────────────────────────────────────────────────────────────────┐
│                            ││token: secret-token                                                                     │
│                            │└────────────────────────────────────────────────────────────────────────────────────────┘
│                            │┌Body────────────────────────────────────────────────────────────────────────────────────┐
│                            ││                                                                                        │
│                            ││                                                                                        │
│                            ││                                                                                        │
│                            ││                                                                                        │
│                            ││                                                                                        │
│                            ││                                                                                        │
│                            │└────────────────────────────────────────────────────────────────────────────────────────┘
│                            │┌Response────────────────────────────────────────────────────────────────────────────────┐
│                            ││No response yet. Press 'i' to edit the URL, Enter to send.                              │
│                            ││                                                                                        │
│                            ││                                                                                        │
│                            ││                                                                                        │
│                            ││                                                                                        │
│                            ││                                                                                        │
│                            ││                                                                                        │
│                            ││                                                                                        │
│                            ││                                                                                        │
│                            ││                                                                                        │
│                            ││                                                                                        │
│                            ││                                                                                        │
│                            ││                                                                                        │
└────────────────────────────┘└────────────────────────────────────────────────────────────────────────────────────────┘
 NORMAL   a: cycle type  j/k: field  i: edit  l/Enter: toggle in  Tab/S-Tab: cycle pane  q: quit
